// Jest Snapshot v1, https://goo.gl/fbAQLP

exports[`render correctly 1`] = `
Object {
  "asFragment": [Function],
  "baseElement": <body>
    <div>
      <aside
        class="filter col-4"
      >
        <div
          class="filter-header"
        >
          Количество пересадок
        </div>
        <div
          class="checkbox-list"
        >
          <div
            class="checkbox"
          >
            <label
              class="checkbox-label"
            >
              <input
                checked=""
                class="checkbox-input"
                data-type="all"
                type="checkbox"
              />
              <span
                class="checkbox-display"
              />
              Все
            </label>
          </div>
          <div
            class="checkbox"
          >
            <label
              class="checkbox-label"
            >
              <input
                checked=""
                class="checkbox-input"
                data-type="0"
                type="checkbox"
              />
              <span
                class="checkbox-display"
              />
              Без пересадок
            </label>
          </div>
          <div
            class="checkbox"
          >
            <label
              class="checkbox-label"
            >
              <input
                checked=""
                class="checkbox-input"
                data-type="1"
                type="checkbox"
              />
              <span
                class="checkbox-display"
              />
              1 пересадка
            </label>
          </div>
          <div
            class="checkbox"
          >
            <label
              class="checkbox-label"
            >
              <input
                checked=""
                class="checkbox-input"
                data-type="2"
                type="checkbox"
              />
              <span
                class="checkbox-display"
              />
              2 пересадки
            </label>
          </div>
          <div
            class="checkbox"
          >
            <label
              class="checkbox-label"
            >
              <input
                checked=""
                class="checkbox-input"
                data-type="3"
                type="checkbox"
              />
              <span
                class="checkbox-display"
              />
              3 пересадки
            </label>
          </div>
        </div>
      </aside>
    </div>
  </body>,
  "container": <div>
    <aside
      class="filter col-4"
    >
      <div
        class="filter-header"
      >
        Количество пересадок
      </div>
      <div
        class="checkbox-list"
      >
        <div
          class="checkbox"
        >
          <label
            class="checkbox-label"
          >
            <input
              checked=""
              class="checkbox-input"
              data-type="all"
              type="checkbox"
            />
            <span
              class="checkbox-display"
            />
            Все
          </label>
        </div>
        <div
          class="checkbox"
        >
          <label
            class="checkbox-label"
          >
            <input
              checked=""
              class="checkbox-input"
              data-type="0"
              type="checkbox"
            />
            <span
              class="checkbox-display"
            />
            Без пересадок
          </label>
        </div>
        <div
          class="checkbox"
        >
          <label
            class="checkbox-label"
          >
            <input
              checked=""
              class="checkbox-input"
              data-type="1"
              type="checkbox"
            />
            <span
              class="checkbox-display"
            />
            1 пересадка
          </label>
        </div>
        <div
          class="checkbox"
        >
          <label
            class="checkbox-label"
          >
            <input
              checked=""
              class="checkbox-input"
              data-type="2"
              type="checkbox"
            />
            <span
              class="checkbox-display"
            />
            2 пересадки
          </label>
        </div>
        <div
          class="checkbox"
        >
          <label
            class="checkbox-label"
          >
            <input
              checked=""
              class="checkbox-input"
              data-type="3"
              type="checkbox"
            />
            <span
              class="checkbox-display"
            />
            3 пересадки
          </label>
        </div>
      </div>
    </aside>
  </div>,
  "debug": [Function],
  "findAllByAltText": [Function],
  "findAllByDisplayValue": [Function],
  "findAllByLabelText": [Function],
  "findAllByPlaceholderText": [Function],
  "findAllByRole": [Function],
  "findAllByTestId": [Function],
  "findAllByText": [Function],
  "findAllByTitle": [Function],
  "findByAltText": [Function],
  "findByDisplayValue": [Function],
  "findByLabelText": [Function],
  "findByPlaceholderText": [Function],
  "findByRole": [Function],
  "findByTestId": [Function],
  "findByText": [Function],
  "findByTitle": [Function],
  "getAllByAltText": [Function],
  "getAllByDisplayValue": [Function],
  "getAllByLabelText": [Function],
  "getAllByPlaceholderText": [Function],
  "getAllByRole": [Function],
  "getAllByTestId": [Function],
  "getAllByText": [Function],
  "getAllByTitle": [Function],
  "getByAltText": [Function],
  "getByDisplayValue": [Function],
  "getByLabelText": [Function],
  "getByPlaceholderText": [Function],
  "getByRole": [Function],
  "getByTestId": [Function],
  "getByText": [Function],
  "getByTitle": [Function],
  "queryAllByAltText": [Function],
  "queryAllByDisplayValue": [Function],
  "queryAllByLabelText": [Function],
  "queryAllByPlaceholderText": [Function],
  "queryAllByRole": [Function],
  "queryAllByTestId": [Function],
  "queryAllByText": [Function],
  "queryAllByTitle": [Function],
  "queryByAltText": [Function],
  "queryByDisplayValue": [Function],
  "queryByLabelText": [Function],
  "queryByPlaceholderText": [Function],
  "queryByRole": [Function],
  "queryByTestId": [Function],
  "queryByText": [Function],
  "queryByTitle": [Function],
  "rerender": [Function],
  "unmount": [Function],
}
`;
