// Jest Snapshot v1, https://goo.gl/fbAQLP

exports[`Render correctly 1`] = `
Object {
  "asFragment": [Function],
  "baseElement": <body>
    <div>
      <div
        class="ticket"
      >
        <header
          class="ticket-header"
        >
          <div
            class="ticket-price"
          >
            93332 Р
          </div>
          <div
            class="ticket-logo"
          >
            <img
              alt="logo"
              src="//pics.avs.io/99/36/EY.png"
            />
          </div>
        </header>
        <div
          class="flight-data"
        >
          <div
            class="row"
          >
            <div
              class="container"
            >
              <div
                class="title"
              >
                MOW-HKT
              </div>
              <div
                class="subtitle"
              >
                05:35 - 10:01
              </div>
            </div>
            <div
              class="container"
            >
              <div
                class="title"
              >
                В пути
              </div>
              <div
                class="subtitle"
              >
                28ч 26м
              </div>
            </div>
            <div
              class="container"
            >
              <div
                class="title"
              >
                2 пересадки
              </div>
              <div
                class="subtitle"
              >
                IST,HKG
              </div>
            </div>
          </div>
          <div
            class="row"
          >
            <div
              class="container"
            >
              <div
                class="title"
              >
                HKT-MOW
              </div>
              <div
                class="subtitle"
              >
                14:56 - 02:17
              </div>
            </div>
            <div
              class="container"
            >
              <div
                class="title"
              >
                В пути
              </div>
              <div
                class="subtitle"
              >
                11ч 21м
              </div>
            </div>
            <div
              class="container"
            >
              <div
                class="title"
              >
                1 пересадка
              </div>
              <div
                class="subtitle"
              >
                DXB
              </div>
            </div>
          </div>
        </div>
      </div>
    </div>
  </body>,
  "container": <div>
    <div
      class="ticket"
    >
      <header
        class="ticket-header"
      >
        <div
          class="ticket-price"
        >
          93332 Р
        </div>
        <div
          class="ticket-logo"
        >
          <img
            alt="logo"
            src="//pics.avs.io/99/36/EY.png"
          />
        </div>
      </header>
      <div
        class="flight-data"
      >
        <div
          class="row"
        >
          <div
            class="container"
          >
            <div
              class="title"
            >
              MOW-HKT
            </div>
            <div
              class="subtitle"
            >
              05:35 - 10:01
            </div>
          </div>
          <div
            class="container"
          >
            <div
              class="title"
            >
              В пути
            </div>
            <div
              class="subtitle"
            >
              28ч 26м
            </div>
          </div>
          <div
            class="container"
          >
            <div
              class="title"
            >
              2 пересадки
            </div>
            <div
              class="subtitle"
            >
              IST,HKG
            </div>
          </div>
        </div>
        <div
          class="row"
        >
          <div
            class="container"
          >
            <div
              class="title"
            >
              HKT-MOW
            </div>
            <div
              class="subtitle"
            >
              14:56 - 02:17
            </div>
          </div>
          <div
            class="container"
          >
            <div
              class="title"
            >
              В пути
            </div>
            <div
              class="subtitle"
            >
              11ч 21м
            </div>
          </div>
          <div
            class="container"
          >
            <div
              class="title"
            >
              1 пересадка
            </div>
            <div
              class="subtitle"
            >
              DXB
            </div>
          </div>
        </div>
      </div>
    </div>
  </div>,
  "debug": [Function],
  "findAllByAltText": [Function],
  "findAllByDisplayValue": [Function],
  "findAllByLabelText": [Function],
  "findAllByPlaceholderText": [Function],
  "findAllByRole": [Function],
  "findAllByTestId": [Function],
  "findAllByText": [Function],
  "findAllByTitle": [Function],
  "findByAltText": [Function],
  "findByDisplayValue": [Function],
  "findByLabelText": [Function],
  "findByPlaceholderText": [Function],
  "findByRole": [Function],
  "findByTestId": [Function],
  "findByText": [Function],
  "findByTitle": [Function],
  "getAllByAltText": [Function],
  "getAllByDisplayValue": [Function],
  "getAllByLabelText": [Function],
  "getAllByPlaceholderText": [Function],
  "getAllByRole": [Function],
  "getAllByTestId": [Function],
  "getAllByText": [Function],
  "getAllByTitle": [Function],
  "getByAltText": [Function],
  "getByDisplayValue": [Function],
  "getByLabelText": [Function],
  "getByPlaceholderText": [Function],
  "getByRole": [Function],
  "getByTestId": [Function],
  "getByText": [Function],
  "getByTitle": [Function],
  "queryAllByAltText": [Function],
  "queryAllByDisplayValue": [Function],
  "queryAllByLabelText": [Function],
  "queryAllByPlaceholderText": [Function],
  "queryAllByRole": [Function],
  "queryAllByTestId": [Function],
  "queryAllByText": [Function],
  "queryAllByTitle": [Function],
  "queryByAltText": [Function],
  "queryByDisplayValue": [Function],
  "queryByLabelText": [Function],
  "queryByPlaceholderText": [Function],
  "queryByRole": [Function],
  "queryByTestId": [Function],
  "queryByText": [Function],
  "queryByTitle": [Function],
  "rerender": [Function],
  "unmount": [Function],
}
`;
